vite.config.ts(6,29): error TS2769: No overload matches this call.
  The last overload gave the following error.
    Argument of type '({ mode }: ConfigEnv) => { server: { port: number; host: string; https: boolean; proxy: { '/api': { target: string; changeOrigin: true; }; }; }; plugins: (Plugin<any> | Plugin<any>[])[]; define: { ...; }; resolve: { ...; }; }' is not assignable to parameter of type 'UserConfigExport'.
      Type '({ mode }: ConfigEnv) => { server: { port: number; host: string; https: boolean; proxy: { '/api': { target: string; changeOrigin: true; }; }; }; plugins: (Plugin<any> | Plugin<any>[])[]; define: { ...; }; resolve: { ...; }; }' is not assignable to type 'UserConfigFnObject'.
        Call signature return types '{ server: { port: number; host: string; https: boolean; proxy: { '/api': { target: string; changeOrigin: true; }; }; }; plugins: (Plugin<any> | Plugin<any>[])[]; define: { 'process.env.API_KEY': string; 'process.env.GEMINI_API_KEY': string; 'process.env.SUPABASE_URL': string; 'process.env.SUPABASE_ANON_KEY': string;...' and 'UserConfig' are incompatible.
          The types of 'server.https' are incompatible between these types.
            Type 'boolean' has no properties in common with type 'ServerOptions<typeof IncomingMessage, typeof ServerResponse>'.
